
> tang-thu-ca@0.1.0 build
> next build

⚠ Warning: Next.js inferred your workspace root, but it may not be correct.
 We detected multiple lockfiles and selected the directory of D:\AI_WORKSPACE\package-lock.json as the root directory.
 To silence this warning, set `turbopack.root` in your Next.js config, or consider removing one of the lockfiles if it's not needed.
   See https://nextjs.org/docs/app/api-reference/config/next-config-js/turbopack#root-directory for more information.
 Detected additional lockfiles: 
   * D:\AI_WORKSPACE\tang-thu-ca\package-lock.json


> Build error occurred
Error: EPERM: operation not permitted, unlink 'D:\AI_WORKSPACE\tang-thu-ca\.next\app-path-routes-manifest.json'
    at ignore-listed frames {
  errno: -4048,
  code: 'EPERM',
  syscall: 'unlink',
  path: 'D:\\AI_WORKSPACE\\tang-thu-ca\\.next\\app-path-routes-manifest.json'
}
